payload/.goobers/agent-toolkit/.gitattributes
payload/.goobers/agent-toolkit/README.md
payload/.goobers/agent-toolkit/adapters/agents.md
payload/.goobers/agent-toolkit/adapters/claude.md
payload/.goobers/agent-toolkit/adapters/copilot.md
payload/.goobers/agent-toolkit/api/schemas/agent-toolkit-manifest.schema.json
payload/.goobers/agent-toolkit/api/schemas/artifact-pointer.schema.json
payload/.goobers/agent-toolkit/api/schemas/candidate-findings-v1.schema.json
payload/.goobers/agent-toolkit/api/schemas/config-source-action.schema.json
payload/.goobers/agent-toolkit/api/schemas/diagnostics.schema.json
payload/.goobers/agent-toolkit/api/schemas/explain.schema.json
payload/.goobers/agent-toolkit/api/schemas/features.schema.json
payload/.goobers/agent-toolkit/api/schemas/gaggle.schema.json
payload/.goobers/agent-toolkit/api/schemas/goober.schema.json
payload/.goobers/agent-toolkit/api/schemas/hosted-progress.schema.json
payload/.goobers/agent-toolkit/api/schemas/instance-repository-execution.schema.json
payload/.goobers/agent-toolkit/api/schemas/instance.schema.json
payload/.goobers/agent-toolkit/api/schemas/investigation-evidence-draft.schema.json
payload/.goobers/agent-toolkit/api/schemas/investigation-evidence.schema.json
payload/.goobers/agent-toolkit/api/schemas/invocation.schema.json
payload/.goobers/agent-toolkit/api/schemas/journal-event.schema.json
payload/.goobers/agent-toolkit/api/schemas/journal-run.schema.json
payload/.goobers/agent-toolkit/api/schemas/journal-schema.schema.json
payload/.goobers/agent-toolkit/api/schemas/manifest.schema.json
payload/.goobers/agent-toolkit/api/schemas/mission-control-verdict-v1alpha1.schema.json
payload/.goobers/agent-toolkit/api/schemas/notification-receipt.schema.json
payload/.goobers/agent-toolkit/api/schemas/notification-request.schema.json
payload/.goobers/agent-toolkit/api/schemas/pr-queue-eligibility-v1.schema.json
payload/.goobers/agent-toolkit/api/schemas/remediation-brief-v1.schema.json
payload/.goobers/agent-toolkit/api/schemas/remediation-brief-v2.schema.json
payload/.goobers/agent-toolkit/api/schemas/remediation-brief-v3.schema.json
payload/.goobers/agent-toolkit/api/schemas/result.schema.json
payload/.goobers/agent-toolkit/api/schemas/schema-output.schema.json
payload/.goobers/agent-toolkit/api/schemas/security-alerts-v1.schema.json
payload/.goobers/agent-toolkit/api/schemas/stage-artifact-manifest.schema.json
payload/.goobers/agent-toolkit/api/schemas/stage-artifact-set.schema.json
payload/.goobers/agent-toolkit/api/schemas/verdict.schema.json
payload/.goobers/agent-toolkit/api/schemas/workflow.schema.json
payload/.goobers/agent-toolkit/config-examples/README.md
payload/.goobers/agent-toolkit/config-examples/gaggles/acme-web-claude/gaggle.yaml
payload/.goobers/agent-toolkit/config-examples/gaggles/acme-web-claude/goobers/claude-coder/goober.yaml
payload/.goobers/agent-toolkit/config-examples/gaggles/acme-web-claude/goobers/claude-coder/instructions.md
payload/.goobers/agent-toolkit/config-examples/gaggles/acme-web-claude/goobers/claude-curator/goober.yaml
payload/.goobers/agent-toolkit/config-examples/gaggles/acme-web-claude/goobers/claude-curator/instructions.md
payload/.goobers/agent-toolkit/config-examples/gaggles/acme-web-claude/goobers/claude-docs/goober.yaml
payload/.goobers/agent-toolkit/config-examples/gaggles/acme-web-claude/goobers/claude-docs/instructions.md
payload/.goobers/agent-toolkit/config-examples/gaggles/acme-web-claude/goobers/claude-implementer/goober.yaml
payload/.goobers/agent-toolkit/config-examples/gaggles/acme-web-claude/goobers/claude-implementer/instructions.md
payload/.goobers/agent-toolkit/config-examples/gaggles/acme-web-claude/goobers/claude-nominator/goober.yaml
payload/.goobers/agent-toolkit/config-examples/gaggles/acme-web-claude/goobers/claude-nominator/instructions.md
payload/.goobers/agent-toolkit/config-examples/gaggles/acme-web-claude/goobers/claude-reviewer/goober.yaml
payload/.goobers/agent-toolkit/config-examples/gaggles/acme-web-claude/goobers/claude-reviewer/instructions.md
payload/.goobers/agent-toolkit/config-examples/gaggles/acme-web-claude/scripts/check-todos.sh
payload/.goobers/agent-toolkit/config-examples/gaggles/acme-web-claude/workflows/backlog-assignment.yaml
payload/.goobers/agent-toolkit/config-examples/gaggles/acme-web-claude/workflows/backlog-curation.yaml
payload/.goobers/agent-toolkit/config-examples/gaggles/acme-web-claude/workflows/curate-resweep.yaml
payload/.goobers/agent-toolkit/config-examples/gaggles/acme-web-claude/workflows/default-implement.yaml
payload/.goobers/agent-toolkit/config-examples/gaggles/acme-web-claude/workflows/docs-updater.yaml
payload/.goobers/agent-toolkit/config-examples/gaggles/acme-web-claude/workflows/implementation.yaml
payload/.goobers/agent-toolkit/config-examples/gaggles/acme-web-claude/workflows/inline-policy-check.yaml
payload/.goobers/agent-toolkit/config-examples/gaggles/acme-web-claude/workflows/merge-review.yaml
payload/.goobers/agent-toolkit/config-examples/gaggles/acme-web-claude/workflows/todo-check.yaml
payload/.goobers/agent-toolkit/config-examples/gaggles/acme-web-claude/workflows/work-nomination.yaml
payload/.goobers/agent-toolkit/config-examples/gaggles/acme-web/gaggle.yaml
payload/.goobers/agent-toolkit/config-examples/gaggles/acme-web/goobers/coder/goober.yaml
payload/.goobers/agent-toolkit/config-examples/gaggles/acme-web/goobers/coder/instructions.md
payload/.goobers/agent-toolkit/config-examples/gaggles/acme-web/goobers/curator/goober.yaml
payload/.goobers/agent-toolkit/config-examples/gaggles/acme-web/goobers/curator/instructions.md
payload/.goobers/agent-toolkit/config-examples/gaggles/acme-web/goobers/docs/goober.yaml
payload/.goobers/agent-toolkit/config-examples/gaggles/acme-web/goobers/docs/instructions.md
payload/.goobers/agent-toolkit/config-examples/gaggles/acme-web/goobers/implementer/goober.yaml
payload/.goobers/agent-toolkit/config-examples/gaggles/acme-web/goobers/implementer/instructions.md
payload/.goobers/agent-toolkit/config-examples/gaggles/acme-web/goobers/nominator/goober.yaml
payload/.goobers/agent-toolkit/config-examples/gaggles/acme-web/goobers/nominator/instructions.md
payload/.goobers/agent-toolkit/config-examples/gaggles/acme-web/goobers/reviewer/goober.yaml
payload/.goobers/agent-toolkit/config-examples/gaggles/acme-web/goobers/reviewer/instructions.md
payload/.goobers/agent-toolkit/config-examples/gaggles/acme-web/scripts/check-todos.sh
payload/.goobers/agent-toolkit/config-examples/gaggles/acme-web/workflows/backlog-assignment.yaml
payload/.goobers/agent-toolkit/config-examples/gaggles/acme-web/workflows/backlog-curation.yaml
payload/.goobers/agent-toolkit/config-examples/gaggles/acme-web/workflows/curate-resweep.yaml
payload/.goobers/agent-toolkit/config-examples/gaggles/acme-web/workflows/default-implement.yaml
payload/.goobers/agent-toolkit/config-examples/gaggles/acme-web/workflows/docs-updater.yaml
payload/.goobers/agent-toolkit/config-examples/gaggles/acme-web/workflows/implementation.yaml
payload/.goobers/agent-toolkit/config-examples/gaggles/acme-web/workflows/inline-policy-check.yaml
payload/.goobers/agent-toolkit/config-examples/gaggles/acme-web/workflows/merge-review.yaml
payload/.goobers/agent-toolkit/config-examples/gaggles/acme-web/workflows/todo-check.yaml
payload/.goobers/agent-toolkit/config-examples/gaggles/acme-web/workflows/work-nomination.yaml
payload/.goobers/agent-toolkit/config-examples/gaggles/dotnet-service/gaggle.yaml
payload/.goobers/agent-toolkit/config-examples/gaggles/dotnet-service/goobers/dotnet-implementer/goober.yaml
payload/.goobers/agent-toolkit/config-examples/gaggles/dotnet-service/goobers/dotnet-implementer/instructions.md
payload/.goobers/agent-toolkit/config-examples/gaggles/dotnet-service/goobers/dotnet-reviewer/goober.yaml
payload/.goobers/agent-toolkit/config-examples/gaggles/dotnet-service/goobers/dotnet-reviewer/instructions.md
payload/.goobers/agent-toolkit/config-examples/gaggles/dotnet-service/workflows/dotnet-implementation.yaml
payload/.goobers/agent-toolkit/config-examples/gaggles/java-service/gaggle.yaml
payload/.goobers/agent-toolkit/config-examples/gaggles/java-service/goobers/java-implementer/goober.yaml
payload/.goobers/agent-toolkit/config-examples/gaggles/java-service/goobers/java-implementer/instructions.md
payload/.goobers/agent-toolkit/config-examples/gaggles/java-service/goobers/java-reviewer/goober.yaml
payload/.goobers/agent-toolkit/config-examples/gaggles/java-service/goobers/java-reviewer/instructions.md
payload/.goobers/agent-toolkit/config-examples/gaggles/java-service/workflows/java-implementation.yaml
payload/.goobers/agent-toolkit/config-examples/gaggles/python-service/gaggle.yaml
payload/.goobers/agent-toolkit/config-examples/gaggles/python-service/goobers/python-implementer/goober.yaml
payload/.goobers/agent-toolkit/config-examples/gaggles/python-service/goobers/python-implementer/instructions.md
payload/.goobers/agent-toolkit/config-examples/gaggles/python-service/goobers/python-reviewer/goober.yaml
payload/.goobers/agent-toolkit/config-examples/gaggles/python-service/goobers/python-reviewer/instructions.md
payload/.goobers/agent-toolkit/config-examples/gaggles/python-service/workflows/python-implementation.yaml
payload/.goobers/agent-toolkit/config-examples/manifest.yaml
payload/.goobers/agent-toolkit/docs/ARCHITECTURE.md
payload/.goobers/agent-toolkit/docs/VISION.md
payload/.goobers/agent-toolkit/docs/adr/0001-agentic-sandbox-mechanism.md
payload/.goobers/agent-toolkit/docs/adr/0002-provider-neutral-capability-namespaces.md
payload/.goobers/agent-toolkit/docs/cli/README.md
payload/.goobers/agent-toolkit/docs/design/cobrand.md
payload/.goobers/agent-toolkit/docs/design/notification-output.md
payload/.goobers/agent-toolkit/docs/design/static-fan-out-fan-in.md
payload/.goobers/agent-toolkit/docs/feature-matrix.md
payload/.goobers/agent-toolkit/docs/guides/goobers-io-mcp.md
payload/.goobers/agent-toolkit/docs/guides/quickstart.md
payload/.goobers/agent-toolkit/docs/guides/stack-support.md
payload/.goobers/agent-toolkit/docs/guides/supervision.md
payload/.goobers/agent-toolkit/docs/reference/workflow-primitives/README.md
payload/.goobers/agent-toolkit/docs/reference/workflow-primitives/capabilities.md
payload/.goobers/agent-toolkit/docs/reference/workflow-primitives/gates-and-checks.md
payload/.goobers/agent-toolkit/docs/reference/workflow-primitives/graph-and-execution.md
payload/.goobers/agent-toolkit/docs/reference/workflow-primitives/policy-actions.md
payload/.goobers/agent-toolkit/docs/reference/workflow-primitives/stage-commands.md
payload/.goobers/agent-toolkit/docs/reference/workflow-primitives/tasks-and-stages.md
payload/.goobers/agent-toolkit/docs/reference/workflow-primitives/triggers.md
payload/.goobers/agent-toolkit/docs/requirements/README.md
payload/.goobers/agent-toolkit/docs/requirements/backlog-providers.md
payload/.goobers/agent-toolkit/docs/requirements/config-as-code.md
payload/.goobers/agent-toolkit/docs/requirements/deployment.md
payload/.goobers/agent-toolkit/docs/requirements/gaggle.md
payload/.goobers/agent-toolkit/docs/requirements/gate.md
payload/.goobers/agent-toolkit/docs/requirements/goober.md
payload/.goobers/agent-toolkit/docs/requirements/instance.md
payload/.goobers/agent-toolkit/docs/requirements/portal.md
payload/.goobers/agent-toolkit/docs/requirements/pr-lifecycle.md
payload/.goobers/agent-toolkit/docs/requirements/scheduler.md
payload/.goobers/agent-toolkit/docs/requirements/security.md
payload/.goobers/agent-toolkit/docs/requirements/task.md
payload/.goobers/agent-toolkit/docs/requirements/telemetry.md
payload/.goobers/agent-toolkit/docs/requirements/tutor.md
payload/.goobers/agent-toolkit/docs/requirements/workflow.md
payload/.goobers/agent-toolkit/docs/stage-contract.md
payload/.goobers/agent-toolkit/instructions/goobers.md
payload/.goobers/agent-toolkit/internal/capability/capability.go
payload/.goobers/agent-toolkit/release.json
payload/.goobers/agent-toolkit/skills/goobers-dsl-author/SKILL.md
payload/.goobers/agent-toolkit/skills/goobers-dsl-author/references/dsl-reference.md
payload/.goobers/agent-toolkit/skills/goobers-dsl-author/references/repository-authoring.md
payload/.goobers/agent-toolkit/skills/goobers-dsl-author/references/terminology.md
payload/.goobers/agent-toolkit/skills/goobers-environment-resolver/SKILL.md
payload/.goobers/agent-toolkit/skills/goobers-getting-started/SKILL.md
payload/.goobers/agent-toolkit/skills/goobers-run-operator/SKILL.md
payload/.goobers/agent-toolkit/skills/goobers-run-operator/references/question-corpus.json
payload/.goobers/agent-toolkit/skills/goobers-workflow-upgrade/SKILL.md
